
> rl-island@0.1.0 test:e2e
> node scripts/browser-tests.mjs test


Running 30 tests using 1 worker

(node:28532) Warning: The 'NO_COLOR' env is ignored due to the 'FORCE_COLOR' env being set.
(Use `node --trace-warnings ...` to show where the warning was created)
  ok  1 tests\e2e\environment.spec.js:30:1 › keyboard movement, collision trace, goal reward, and absorbing terminal gameplay (6.2s)
  ok  2 tests\e2e\environment.spec.js:64:1 › text map and Canvas hit testing inspect cells without moving or drawing RNG (6.5s)
  ok  3 tests\e2e\environment.spec.js:80:1 › touch movement, slippery probabilities, and mobile inspector use real state (5.0s)
  ok  4 tests\e2e\environment.spec.js:106:1 › Run/Pause/resume and Step produce identical seeded checkpoints and traces (3.5s)
  ok  5 tests\e2e\environment.spec.js:129:1 › leaving a workspace cancels Run and the same session is shared by all eleven lessons (2.1s)
  ok  6 tests\e2e\environment.spec.js:143:1 › external timeout is visibly truncated, nonterminal, and cannot keep accumulating rewards (6.3s)
  ok  7 tests\e2e\environment.spec.js:161:1 › checkpoint replacement is explicit, survives refresh, and resumes exactly; reset meanings differ (8.4s)
  ok  8 tests\e2e\environment.spec.js:196:1 › collectible mask changes once, is visible, and resets with the episode (8.0s)
  ok  9 tests\e2e\environment.spec.js:213:1 › invalid seed and hostile checkpoint errors preserve the current episode (2.5s)
  ok 10 tests\e2e\environment.spec.js:230:1 › unavailable/quota-limited storage leaves memory-only gameplay usable (1.5s)
  ok 11 tests\e2e\environment.spec.js:246:1 › resize/redraw and reduced motion do not change seeded manual transitions (2.9s)
  ok 12 tests\e2e\shell.spec.js:14:1 › static subpath smoke: welcome loads with local assets and no runtime errors (878ms)
  ok 13 tests\e2e\shell.spec.js:36:1 › all shell and unavailable routes support direct entry and reload (2.3s)
  ok 14 tests\e2e\shell.spec.js:44:1 › keyboard skip link, mobile menu, Escape, route focus, and workspace tabs (1.6s)
  ok 15 tests\e2e\shell.spec.js:73:1 › notebook tabs operate by keyboard without creating results (551ms)
  ok 16 tests\e2e\shell.spec.js:83:1 › display settings persist; defaults leave unrelated host data intact (760ms)
  ok 17 tests\e2e\shell.spec.js:97:1 › blocked storage keeps settings usable and gives a visible error (625ms)
  ok 18 tests\e2e\shell.spec.js:110:5 › desktop welcome: accessible shell and screenshot (2.1s)
  ok 19 tests\e2e\shell.spec.js:110:5 › desktop island: accessible shell and screenshot (2.6s)
  ok 20 tests\e2e\shell.spec.js:110:5 › desktop lesson/01: accessible shell and screenshot (2.7s)
  ok 21 tests\e2e\shell.spec.js:110:5 › desktop compare: accessible shell and screenshot (1.9s)
  ok 22 tests\e2e\shell.spec.js:110:5 › desktop notebook: accessible shell and screenshot (1.9s)
  ok 23 tests\e2e\shell.spec.js:110:5 › desktop settings: accessible shell and screenshot (2.6s)
  ok 24 tests\e2e\shell.spec.js:110:5 › mobile welcome: accessible shell and screenshot (2.4s)
  ok 25 tests\e2e\shell.spec.js:110:5 › mobile island: accessible shell and screenshot (2.2s)
  ok 26 tests\e2e\shell.spec.js:110:5 › mobile lesson/01: accessible shell and screenshot (3.2s)
  ok 27 tests\e2e\shell.spec.js:110:5 › mobile compare: accessible shell and screenshot (1.3s)
  ok 28 tests\e2e\shell.spec.js:110:5 › mobile notebook: accessible shell and screenshot (2.3s)
  ok 29 tests\e2e\shell.spec.js:110:5 › mobile settings: accessible shell and screenshot (3.2s)
  ok 30 tests\e2e\shell.spec.js:123:1 › tablet and wide workspaces, mobile menu, large text, and reduced motion (3.1s)

  30 passed (1.7m)
