
> rl-island@0.1.0 test:e2e
> node scripts/browser-tests.mjs test --grep checkpoint replacement is explicit


Running 1 test using 1 worker

(node:3636) Warning: The 'NO_COLOR' env is ignored due to the 'FORCE_COLOR' env being set.
(Use `node --trace-warnings ...` to show where the warning was created)
  x  1 tests\e2e\environment.spec.js:161:1 › checkpoint replacement is explicit, survives refresh, and resumes exactly; reset meanings differ (35.1s)


  1) tests\e2e\environment.spec.js:161:1 › checkpoint replacement is explicit, survives refresh, and resumes exactly; reset meanings differ 

    Test timeout of 30000ms exceeded.

    Error: locator.click: Test timeout of 30000ms exceeded.
    Call log:
      - waiting for getByRole('button', { name: 'Reset episode', exact: true })
        - locator resolved to <button id="reset-episode" class="button secondary">Reset episode</button>
      - attempting click action
        - waiting for element to be visible, enabled and stable
        - element is visible, enabled and stable
        - scrolling into view if needed
        - done scrolling


      188 |   await button(page, 'Clear parameters').click();
      189 |   expect(await checkpoint(page)).toEqual(expected);
    > 190 |   await button(page, 'Reset episode').click();
          |                                       ^
      191 |   await expect(page.locator('#episode-steps')).toHaveText('0');
      192 |   await expect(page.locator('#environment-message')).toContainText('parameters were preserved');
      193 |   await expect(page.locator('#trace-rows')).toContainText('No trace');
        at C:\Users\lazeb\Desktop\acml_rl_course\tests\e2e\environment.spec.js:190:39

    Error Context: test-results\environment-checkpoint-rep-61d9e-actly-reset-meanings-differ\error-context.md

    attachment #2: trace (application/zip) ─────────────────────────────────────────────────────────
    test-results\environment-checkpoint-rep-61d9e-actly-reset-meanings-differ\trace.zip
    Usage:

        npx playwright show-trace test-results\environment-checkpoint-rep-61d9e-actly-reset-meanings-differ\trace.zip

    ────────────────────────────────────────────────────────────────────────────────────────────────

  1 failed
    tests\e2e\environment.spec.js:161:1 › checkpoint replacement is explicit, survives refresh, and resumes exactly; reset meanings differ 
