
> rl-island@0.1.0 test:e2e
> node scripts/browser-tests.mjs test tests/e2e/lessons.spec.js tests/e2e/shell.spec.js


Running 28 tests using 1 worker

(node:17364) Warning: The 'NO_COLOR' env is ignored due to the 'FORCE_COLOR' env being set.
(Use `node --trace-warnings ...` to show where the warning was created)
  ok  1 tests\e2e\lessons.spec.js:81:1 › complete all three lessons, resume, notebook, export, explicit import, and unfinished later lessons (1.1m)
  ok  2 tests\e2e\lessons.spec.js:136:1 › exploring ahead and saving free text do not grant completion or reveal pre-prediction results (4.7s)
  ok  3 tests\e2e\lessons.spec.js:155:1 › actual computed planning frames advance, pause, and cancel on stage navigation (7.1s)
  ok  4 tests\e2e\lessons.spec.js:188:1 › malformed imports and quota failures preserve memory progress and allow backup (4.1s)
  ok  5 tests\e2e\lessons.spec.js:208:2 › guided lesson responsive mobile (8.9s)
  ok  6 tests\e2e\lessons.spec.js:208:2 › guided lesson responsive tablet (9.8s)
  ok  7 tests\e2e\lessons.spec.js:208:2 › guided lesson responsive wide (10.6s)
  ok  8 tests\e2e\lessons.spec.js:208:2 › guided lesson responsive large-text-320 (9.8s)
  ok  9 tests\e2e\lessons.spec.js:219:1 › touch lesson controls and keyboard stage navigation remain usable (11.2s)
  ok 10 tests\e2e\shell.spec.js:14:1 › static subpath smoke: welcome loads with local assets and no runtime errors (3.1s)
  ok 11 tests\e2e\shell.spec.js:36:1 › all shell and unavailable routes support direct entry and reload (5.1s)
  ok 12 tests\e2e\shell.spec.js:44:1 › keyboard skip link, mobile menu, Escape, route focus, and workspace tabs (4.4s)
  ok 13 tests\e2e\shell.spec.js:74:1 › notebook tabs operate by keyboard without creating results (2.1s)
  ok 14 tests\e2e\shell.spec.js:84:1 › display settings persist; defaults leave unrelated host data intact (2.7s)
  ok 15 tests\e2e\shell.spec.js:98:1 › blocked storage keeps settings usable and gives a visible error (2.7s)
  ok 16 tests\e2e\shell.spec.js:111:5 › desktop welcome: accessible shell and screenshot (7.7s)
  ok 17 tests\e2e\shell.spec.js:111:5 › desktop island: accessible shell and screenshot (9.8s)
  ok 18 tests\e2e\shell.spec.js:111:5 › desktop lesson/01: accessible shell and screenshot (7.6s)
  ok 19 tests\e2e\shell.spec.js:111:5 › desktop compare: accessible shell and screenshot (6.6s)
  ok 20 tests\e2e\shell.spec.js:111:5 › desktop notebook: accessible shell and screenshot (7.3s)
  ok 21 tests\e2e\shell.spec.js:111:5 › desktop settings: accessible shell and screenshot (6.8s)
  ok 22 tests\e2e\shell.spec.js:111:5 › mobile welcome: accessible shell and screenshot (8.5s)
  ok 23 tests\e2e\shell.spec.js:111:5 › mobile island: accessible shell and screenshot (8.3s)
  ok 24 tests\e2e\shell.spec.js:111:5 › mobile lesson/01: accessible shell and screenshot (6.8s)
  ok 25 tests\e2e\shell.spec.js:111:5 › mobile compare: accessible shell and screenshot (5.8s)
  ok 26 tests\e2e\shell.spec.js:111:5 › mobile notebook: accessible shell and screenshot (8.5s)
  ok 27 tests\e2e\shell.spec.js:111:5 › mobile settings: accessible shell and screenshot (10.4s)
  ok 28 tests\e2e\shell.spec.js:124:1 › tablet and wide workspaces, mobile menu, large text, and reduced motion (7.1s)

  28 passed (5.0m)
