
> rl-island@0.1.0 test:e2e
> node scripts/browser-tests.mjs test


Running 39 tests using 1 worker

(node:29952) Warning: The 'NO_COLOR' env is ignored due to the 'FORCE_COLOR' env being set.
(Use `node --trace-warnings ...` to show where the warning was created)
  ok  1 tests\e2e\environment.spec.js:30:1 › keyboard movement, collision trace, goal reward, and absorbing terminal gameplay (16.9s)
  ok  2 tests\e2e\environment.spec.js:64:1 › text map and Canvas hit testing inspect cells without moving or drawing RNG (15.5s)
  ok  3 tests\e2e\environment.spec.js:80:1 › touch movement, slippery probabilities, and mobile inspector use real state (15.1s)
  ok  4 tests\e2e\environment.spec.js:106:1 › Run/Pause/resume and Step produce identical seeded checkpoints and traces (7.5s)
  ok  5 tests\e2e\environment.spec.js:129:1 › leaving the free manual lab cancels Run and preserves its session (3.3s)
  ok  6 tests\e2e\environment.spec.js:143:1 › external timeout is visibly truncated, nonterminal, and cannot keep accumulating rewards (9.8s)
  ok  7 tests\e2e\environment.spec.js:161:1 › checkpoint replacement is explicit, survives refresh, and resumes exactly; reset meanings differ (10.6s)
  ok  8 tests\e2e\environment.spec.js:197:1 › collectible mask changes once, is visible, and resets with the episode (15.6s)
  ok  9 tests\e2e\environment.spec.js:214:1 › invalid seed and hostile checkpoint errors preserve the current episode (4.5s)
  ok 10 tests\e2e\environment.spec.js:231:1 › unavailable/quota-limited storage leaves memory-only gameplay usable (3.4s)
  ok 11 tests\e2e\environment.spec.js:247:1 › resize/redraw and reduced motion do not change seeded manual transitions (7.5s)
  ok 12 tests\e2e\lessons.spec.js:81:1 › complete all three lessons, resume, notebook, export, explicit import, and unfinished later lessons (54.1s)
  ok 13 tests\e2e\lessons.spec.js:131:1 › exploring ahead and saving free text do not grant completion or reveal pre-prediction results (4.6s)
  ok 14 tests\e2e\lessons.spec.js:150:1 › actual computed planning frames advance, pause, and cancel on stage navigation (3.2s)
  ok 15 tests\e2e\lessons.spec.js:169:1 › malformed imports and quota failures preserve memory progress and allow backup (3.0s)
  ok 16 tests\e2e\lessons.spec.js:189:2 › guided lesson responsive mobile (7.5s)
  ok 17 tests\e2e\lessons.spec.js:189:2 › guided lesson responsive tablet (7.8s)
  ok 18 tests\e2e\lessons.spec.js:189:2 › guided lesson responsive wide (7.7s)
  ok 19 tests\e2e\lessons.spec.js:189:2 › guided lesson responsive large-text-320 (6.9s)
  ok 20 tests\e2e\lessons.spec.js:200:1 › touch lesson controls and keyboard stage navigation remain usable (9.1s)
  ok 21 tests\e2e\shell.spec.js:14:1 › static subpath smoke: welcome loads with local assets and no runtime errors (2.9s)
  ok 22 tests\e2e\shell.spec.js:36:1 › all shell and unavailable routes support direct entry and reload (4.7s)
  ok 23 tests\e2e\shell.spec.js:44:1 › keyboard skip link, mobile menu, Escape, route focus, and workspace tabs (3.4s)
  ok 24 tests\e2e\shell.spec.js:74:1 › notebook tabs operate by keyboard without creating results (1.7s)
  ok 25 tests\e2e\shell.spec.js:84:1 › display settings persist; defaults leave unrelated host data intact (2.2s)
  ok 26 tests\e2e\shell.spec.js:98:1 › blocked storage keeps settings usable and gives a visible error (1.6s)
  ok 27 tests\e2e\shell.spec.js:111:5 › desktop welcome: accessible shell and screenshot (6.8s)
  x  28 tests\e2e\shell.spec.js:111:5 › desktop island: accessible shell and screenshot (9.2s)
(node:30596) Warning: The 'NO_COLOR' env is ignored due to the 'FORCE_COLOR' env being set.
(Use `node --trace-warnings ...` to show where the warning was created)
  ok 29 tests\e2e\shell.spec.js:111:5 › desktop lesson/01: accessible shell and screenshot (8.4s)
  ok 30 tests\e2e\shell.spec.js:111:5 › desktop compare: accessible shell and screenshot (5.3s)
  ok 31 tests\e2e\shell.spec.js:111:5 › desktop notebook: accessible shell and screenshot (5.9s)
  ok 32 tests\e2e\shell.spec.js:111:5 › desktop settings: accessible shell and screenshot (5.0s)
  ok 33 tests\e2e\shell.spec.js:111:5 › mobile welcome: accessible shell and screenshot (6.6s)
  x  34 tests\e2e\shell.spec.js:111:5 › mobile island: accessible shell and screenshot (10.4s)
(node:34416) Warning: The 'NO_COLOR' env is ignored due to the 'FORCE_COLOR' env being set.
(Use `node --trace-warnings ...` to show where the warning was created)
  ok 35 tests\e2e\shell.spec.js:111:5 › mobile lesson/01: accessible shell and screenshot (10.6s)
  ok 36 tests\e2e\shell.spec.js:111:5 › mobile compare: accessible shell and screenshot (7.0s)
  ok 37 tests\e2e\shell.spec.js:111:5 › mobile notebook: accessible shell and screenshot (7.5s)
  ok 38 tests\e2e\shell.spec.js:111:5 › mobile settings: accessible shell and screenshot (7.2s)
  ok 39 tests\e2e\shell.spec.js:124:1 › tablet and wide workspaces, mobile menu, large text, and reduced motion (6.1s)


  1) tests\e2e\shell.spec.js:111:5 › desktop island: accessible shell and screenshot ───────────────

    Error: expect(received).toEqual(expected) // deep equality

    - Expected  -  1
    + Received  + 70

    - Array []
    + Array [
    +   Object {
    +     "description": "Ensure links are distinguished from surrounding text in a way that does not rely on color",
    +     "help": "Links must be distinguishable without relying on color",
    +     "helpUrl": "https://dequeuniversity.com/rules/axe/4.13/link-in-text-block?application=playwright",
    +     "id": "link-in-text-block",
    +     "impact": "serious",
    +     "nodes": Array [
    +       Object {
    +         "all": Array [],
    +         "any": Array [
    +           Object {
    +             "data": Object {
    +               "contrastRatio": 1.12,
    +               "messageKey": "fgContrast",
    +               "nodeColor": "#1d4ed8",
    +               "parentColor": "#4b5563",
    +               "requiredContrastRatio": 3,
    +             },
    +             "id": "link-in-text-block",
    +             "impact": "serious",
    +             "message": "The link has insufficient color contrast of 1.12:1 with the surrounding text. (Minimum contrast is 3:1, link text: #1d4ed8, surrounding text: #4b5563)",
    +             "relatedNodes": Array [
    +               Object {
    +                 "html": "<p><a href=\"#/practice\">Open the free manual lab</a> · Practice without granting lesson completion.</p>",
    +                 "target": Array [
    +                   ".course-section > p:nth-child(3)",
    +                 ],
    +               },
    +             ],
    +           },
    +           Object {
    +             "data": null,
    +             "id": "link-in-text-block-style",
    +             "impact": "serious",
    +             "message": "The link has no styling (such as underline) to distinguish it from the surrounding text",
    +             "relatedNodes": Array [
    +               Object {
    +                 "html": "<p><a href=\"#/practice\">Open the free manual lab</a> · Practice without granting lesson completion.</p>",
    +                 "target": Array [
    +                   ".course-section > p:nth-child(3)",
    +                 ],
    +               },
    +             ],
    +           },
    +         ],
    +         "failureSummary": "Fix any of the following:
    +   The link has insufficient color contrast of 1.12:1 with the surrounding text. (Minimum contrast is 3:1, link text: #1d4ed8, surrounding text: #4b5563)
    +   The link has no styling (such as underline) to distinguish it from the surrounding text",
    +         "html": "<a href=\"#/practice\">Open the free manual lab</a>",
    +         "impact": "serious",
    +         "none": Array [],
    +         "target": Array [
    +           "a[href$=\"#/practice\"]",
    +         ],
    +       },
    +     ],
    +     "tags": Array [
    +       "cat.color",
    +       "wcag2a",
    +       "wcag141",
    +       "TTv5",
    +       "TT13.a",
    +       "EN-301-549",
    +       "EN-9.1.4.1",
    +       "RGAAv4",
    +       "RGAA-10.6.1",
    +     ],
    +   },
    + ]

      116 |       expect(await page.evaluate(() => document.documentElement.scrollWidth <= innerWidth)).toBe(true);
      117 |       const scan = await new AxeBuilder({ page }).withTags(['wcag2a', 'wcag2aa', 'wcag21aa', 'wcag22aa']).analyze();
    > 118 |       expect(scan.violations).toEqual([]);
          |                               ^
      119 |       await page.screenshot({ path: `${screenshotDirectory}/${route.replace('/', '-')}-${size}.png`, fullPage: true, animations: 'disabled' });
      120 |     });
      121 |   }
        at C:\Users\lazeb\Desktop\acml_rl_course\tests\e2e\shell.spec.js:118:31

    Error Context: test-results\shell-desktop-island-accessible-shell-and-screenshot\error-context.md

    attachment #2: trace (application/zip) ─────────────────────────────────────────────────────────
    test-results\shell-desktop-island-accessible-shell-and-screenshot\trace.zip
    Usage:

        npx playwright show-trace test-results\shell-desktop-island-accessible-shell-and-screenshot\trace.zip

    ────────────────────────────────────────────────────────────────────────────────────────────────

  2) tests\e2e\shell.spec.js:111:5 › mobile island: accessible shell and screenshot ────────────────

    Error: expect(received).toEqual(expected) // deep equality

    - Expected  -  1
    + Received  + 70

    - Array []
    + Array [
    +   Object {
    +     "description": "Ensure links are distinguished from surrounding text in a way that does not rely on color",
    +     "help": "Links must be distinguishable without relying on color",
    +     "helpUrl": "https://dequeuniversity.com/rules/axe/4.13/link-in-text-block?application=playwright",
    +     "id": "link-in-text-block",
    +     "impact": "serious",
    +     "nodes": Array [
    +       Object {
    +         "all": Array [],
    +         "any": Array [
    +           Object {
    +             "data": Object {
    +               "contrastRatio": 1.12,
    +               "messageKey": "fgContrast",
    +               "nodeColor": "#1d4ed8",
    +               "parentColor": "#4b5563",
    +               "requiredContrastRatio": 3,
    +             },
    +             "id": "link-in-text-block",
    +             "impact": "serious",
    +             "message": "The link has insufficient color contrast of 1.12:1 with the surrounding text. (Minimum contrast is 3:1, link text: #1d4ed8, surrounding text: #4b5563)",
    +             "relatedNodes": Array [
    +               Object {
    +                 "html": "<p><a href=\"#/practice\">Open the free manual lab</a> · Practice without granting lesson completion.</p>",
    +                 "target": Array [
    +                   ".course-section > p:nth-child(3)",
    +                 ],
    +               },
    +             ],
    +           },
    +           Object {
    +             "data": null,
    +             "id": "link-in-text-block-style",
    +             "impact": "serious",
    +             "message": "The link has no styling (such as underline) to distinguish it from the surrounding text",
    +             "relatedNodes": Array [
    +               Object {
    +                 "html": "<p><a href=\"#/practice\">Open the free manual lab</a> · Practice without granting lesson completion.</p>",
    +                 "target": Array [
    +                   ".course-section > p:nth-child(3)",
    +                 ],
    +               },
    +             ],
    +           },
    +         ],
    +         "failureSummary": "Fix any of the following:
    +   The link has insufficient color contrast of 1.12:1 with the surrounding text. (Minimum contrast is 3:1, link text: #1d4ed8, surrounding text: #4b5563)
    +   The link has no styling (such as underline) to distinguish it from the surrounding text",
    +         "html": "<a href=\"#/practice\">Open the free manual lab</a>",
    +         "impact": "serious",
    +         "none": Array [],
    +         "target": Array [
    +           "a[href$=\"#/practice\"]",
    +         ],
    +       },
    +     ],
    +     "tags": Array [
    +       "cat.color",
    +       "wcag2a",
    +       "wcag141",
    +       "TTv5",
    +       "TT13.a",
    +       "EN-301-549",
    +       "EN-9.1.4.1",
    +       "RGAAv4",
    +       "RGAA-10.6.1",
    +     ],
    +   },
    + ]

      116 |       expect(await page.evaluate(() => document.documentElement.scrollWidth <= innerWidth)).toBe(true);
      117 |       const scan = await new AxeBuilder({ page }).withTags(['wcag2a', 'wcag2aa', 'wcag21aa', 'wcag22aa']).analyze();
    > 118 |       expect(scan.violations).toEqual([]);
          |                               ^
      119 |       await page.screenshot({ path: `${screenshotDirectory}/${route.replace('/', '-')}-${size}.png`, fullPage: true, animations: 'disabled' });
      120 |     });
      121 |   }
        at C:\Users\lazeb\Desktop\acml_rl_course\tests\e2e\shell.spec.js:118:31

    Error Context: test-results\shell-mobile-island-accessible-shell-and-screenshot\error-context.md

    attachment #2: trace (application/zip) ─────────────────────────────────────────────────────────
    test-results\shell-mobile-island-accessible-shell-and-screenshot\trace.zip
    Usage:

        npx playwright show-trace test-results\shell-mobile-island-accessible-shell-and-screenshot\trace.zip

    ────────────────────────────────────────────────────────────────────────────────────────────────

  2 failed
    tests\e2e\shell.spec.js:111:5 › desktop island: accessible shell and screenshot ────────────────
    tests\e2e\shell.spec.js:111:5 › mobile island: accessible shell and screenshot ─────────────────
  37 passed (6.5m)
