
> rl-island@0.1.0 test:e2e
> node scripts/browser-tests.mjs test


Running 39 tests using 1 worker

(node:31856) Warning: The 'NO_COLOR' env is ignored due to the 'FORCE_COLOR' env being set.
(Use `node --trace-warnings ...` to show where the warning was created)
  ok  1 tests\e2e\environment.spec.js:30:1 › keyboard movement, collision trace, goal reward, and absorbing terminal gameplay (18.2s)
  ok  2 tests\e2e\environment.spec.js:64:1 › text map and Canvas hit testing inspect cells without moving or drawing RNG (17.9s)
  ok  3 tests\e2e\environment.spec.js:80:1 › touch movement, slippery probabilities, and mobile inspector use real state (15.9s)
  ok  4 tests\e2e\environment.spec.js:106:1 › Run/Pause/resume and Step produce identical seeded checkpoints and traces (6.8s)
  ok  5 tests\e2e\environment.spec.js:129:1 › leaving the free manual lab cancels Run and preserves its session (4.2s)
  ok  6 tests\e2e\environment.spec.js:143:1 › external timeout is visibly truncated, nonterminal, and cannot keep accumulating rewards (14.1s)
  ok  7 tests\e2e\environment.spec.js:161:1 › checkpoint replacement is explicit, survives refresh, and resumes exactly; reset meanings differ (14.3s)
  ok  8 tests\e2e\environment.spec.js:197:1 › collectible mask changes once, is visible, and resets with the episode (18.3s)
  ok  9 tests\e2e\environment.spec.js:214:1 › invalid seed and hostile checkpoint errors preserve the current episode (7.6s)
  ok 10 tests\e2e\environment.spec.js:231:1 › unavailable/quota-limited storage leaves memory-only gameplay usable (5.0s)
  ok 11 tests\e2e\environment.spec.js:247:1 › resize/redraw and reduced motion do not change seeded manual transitions (14.1s)
  ok 12 tests\e2e\lessons.spec.js:81:1 › complete all three lessons, resume, notebook, export, explicit import, and unfinished later lessons (1.1m)
  ok 13 tests\e2e\lessons.spec.js:136:1 › exploring ahead and saving free text do not grant completion or reveal pre-prediction results (6.7s)
  ok 14 tests\e2e\lessons.spec.js:155:1 › actual computed planning frames advance, pause, and cancel on stage navigation (4.3s)
  ok 15 tests\e2e\lessons.spec.js:174:1 › malformed imports and quota failures preserve memory progress and allow backup (5.4s)
  ok 16 tests\e2e\lessons.spec.js:194:2 › guided lesson responsive mobile (11.2s)
  ok 17 tests\e2e\lessons.spec.js:194:2 › guided lesson responsive tablet (8.6s)
  ok 18 tests\e2e\lessons.spec.js:194:2 › guided lesson responsive wide (11.3s)
  ok 19 tests\e2e\lessons.spec.js:194:2 › guided lesson responsive large-text-320 (10.2s)
  ok 20 tests\e2e\lessons.spec.js:205:1 › touch lesson controls and keyboard stage navigation remain usable (14.9s)
  ok 21 tests\e2e\shell.spec.js:14:1 › static subpath smoke: welcome loads with local assets and no runtime errors (4.3s)
  ok 22 tests\e2e\shell.spec.js:36:1 › all shell and unavailable routes support direct entry and reload (6.9s)
  ok 23 tests\e2e\shell.spec.js:44:1 › keyboard skip link, mobile menu, Escape, route focus, and workspace tabs (5.5s)
  ok 24 tests\e2e\shell.spec.js:74:1 › notebook tabs operate by keyboard without creating results (2.2s)
  ok 25 tests\e2e\shell.spec.js:84:1 › display settings persist; defaults leave unrelated host data intact (3.5s)
  ok 26 tests\e2e\shell.spec.js:98:1 › blocked storage keeps settings usable and gives a visible error (2.8s)
  ok 27 tests\e2e\shell.spec.js:111:5 › desktop welcome: accessible shell and screenshot (8.4s)
  ok 28 tests\e2e\shell.spec.js:111:5 › desktop island: accessible shell and screenshot (10.6s)
  ok 29 tests\e2e\shell.spec.js:111:5 › desktop lesson/01: accessible shell and screenshot (9.6s)
  ok 30 tests\e2e\shell.spec.js:111:5 › desktop compare: accessible shell and screenshot (10.1s)
  ok 31 tests\e2e\shell.spec.js:111:5 › desktop notebook: accessible shell and screenshot (9.1s)
  ok 32 tests\e2e\shell.spec.js:111:5 › desktop settings: accessible shell and screenshot (9.0s)
  ok 33 tests\e2e\shell.spec.js:111:5 › mobile welcome: accessible shell and screenshot (9.6s)
  ok 34 tests\e2e\shell.spec.js:111:5 › mobile island: accessible shell and screenshot (9.3s)
  ok 35 tests\e2e\shell.spec.js:111:5 › mobile lesson/01: accessible shell and screenshot (7.6s)
  ok 36 tests\e2e\shell.spec.js:111:5 › mobile compare: accessible shell and screenshot (5.5s)
  ok 37 tests\e2e\shell.spec.js:111:5 › mobile notebook: accessible shell and screenshot (5.8s)
  ok 38 tests\e2e\shell.spec.js:111:5 › mobile settings: accessible shell and screenshot (5.5s)
  ok 39 tests\e2e\shell.spec.js:124:1 › tablet and wide workspaces, mobile menu, large text, and reduced motion (5.9s)

  39 passed (7.2m)
