
> rl-island@0.1.0 test:unit
> vitest run


 RUN  v5.0.1 C:/Users/lazeb/Desktop/acml_rl_course

 ❯ tests/unit/environment.test.js (55 tests | 1 failed) 11853ms
   ❯ independent transition/reward fixtures (10)
     × sampled frequencies agree with independently expected 80/10/10 outcomes 6065ms

⎯⎯⎯⎯⎯⎯⎯ Failed Tests 1 ⎯⎯⎯⎯⎯⎯⎯

 FAIL  tests/unit/environment.test.js > independent transition/reward fixtures > sampled frequencies agree with independently expected 80/10/10 outcomes
Error: Test timed out in 5000ms.
If this is a long-running test, pass a timeout value as the last argument or configure it globally with "testTimeout".
 ❯ tests/unit/environment.test.js:136:3
    134|     }
    135|   });
    136|   test('sampled frequencies agree with independently expected 80/10/10…
       |   ^
    137|     const counts = { '1,0': 0, '0,1': 0, '0,0': 0 }, movements = { rig…
    138|     const map = tiny({ slip: .2 });

⎯⎯⎯⎯⎯⎯⎯⎯⎯⎯⎯⎯⎯⎯⎯⎯⎯⎯⎯⎯⎯⎯⎯⎯[1/1]⎯


 Test Files  1 failed | 2 passed (3)
      Tests  1 failed | 115 passed (116)
   Start at  22:14:42
   Duration  18.20s (tests 59%, transform 33%, import 7%, worker 1%)

  Transform  transforming modules took 7.30s · 33% of tracked time, re-done on every run
             persist transforms across runs with fsModuleCache: true
             learn more: https://vitest.dev/guide/improving-performance#caching-between-reruns

