
Running 20 tests using 1 worker

(node:17644) Warning: The 'NO_COLOR' env is ignored due to the 'FORCE_COLOR' env being set.
(Use `node --trace-warnings ...` to show where the warning was created)
  ok  1 tests\e2e\deep-learning.spec.js:19:1 › neural controls, exact episode reset, fresh learning and responsive pause/resume/cancel (20.5s)
  ok  2 tests\e2e\deep-learning.spec.js:20:1 › same seeded CPU DQN results across animation speeds (10.7s)
  ok  3 tests\e2e\deep-learning.spec.js:21:1 › early lessons do not request TensorFlow or neural chunks (2.6s)
  ok  4 tests\e2e\deep-learning.spec.js:22:1 › browser CPU benchmark, repeated worker initialization/evaluation memory and main-thread responsiveness (12.9s)
  ok  5 tests\e2e\deep-learning.spec.js:23:34 › accessible neural inspector fits viewport 320 (6.6s)
  ok  6 tests\e2e\deep-learning.spec.js:23:34 › accessible neural inspector fits viewport 390 (6.2s)
  ok  7 tests\e2e\deep-learning.spec.js:23:34 › accessible neural inspector fits viewport 768 (6.5s)
  ok  8 tests\e2e\deep-safety.spec.js:6:1 › failed neural run is visibly saved, survives refresh, grants no completion, and resets to live training (5.2s)
  ok  9 tests\e2e\deep-safety.spec.js:13:1 › asynchronous neural initialization rejects stale generation when experiments are replaced (875ms)
  ok 10 tests\e2e\environment.spec.js:30:1 › keyboard movement, collision trace, goal reward, and absorbing terminal gameplay (5.9s)
  ok 11 tests\e2e\environment.spec.js:64:1 › text map and Canvas hit testing inspect cells without moving or drawing RNG (5.8s)
  ok 12 tests\e2e\environment.spec.js:80:1 › touch movement, slippery probabilities, and mobile inspector use real state (5.6s)
  ok 13 tests\e2e\environment.spec.js:106:1 › Run/Pause/resume and Step produce identical seeded checkpoints and traces (3.6s)
  ok 14 tests\e2e\environment.spec.js:129:1 › leaving the free manual lab cancels Run and preserves its session (2.1s)
  ok 15 tests\e2e\environment.spec.js:145:1 › external timeout is visibly truncated, nonterminal, and cannot keep accumulating rewards (6.1s)
  ok 16 tests\e2e\environment.spec.js:163:1 › checkpoint replacement is explicit, survives refresh, and resumes exactly; reset meanings differ (6.9s)
  ok 17 tests\e2e\environment.spec.js:199:1 › collectible mask changes once, is visible, and resets with the episode (5.9s)
  ok 18 tests\e2e\environment.spec.js:216:1 › invalid seed and hostile checkpoint errors preserve the current episode (2.3s)
  ok 19 tests\e2e\environment.spec.js:233:1 › unavailable/quota-limited storage leaves memory-only gameplay usable (1.6s)
  ok 20 tests\e2e\environment.spec.js:249:1 › resize/redraw and reduced motion do not change seeded manual transitions (3.8s)

  20 passed (2.2m)
