
Running 73 tests using 1 worker

(node:32896) Warning: The 'NO_COLOR' env is ignored due to the 'FORCE_COLOR' env being set.
(Use `node --trace-warnings ...` to show where the warning was created)
  ok  1 tests\e2e\approximation-planning.spec.js:22:1 › both advanced six-stage journeys, old-save preservation, refresh and full backup round trip (1.4m)
  ok  2 tests\e2e\approximation-planning.spec.js:27:1 › linear SARSA, aliased representation, exact traces and reset meanings (12.1s)
  ok  3 tests\e2e\approximation-planning.spec.js:31:1 › Dyna planning setting, pause/resume/cancel and different display speeds retain identical seeded results (13.9s)
  ok  4 tests\e2e\approximation-planning.spec.js:35:34 › advanced lesson features and planning are accessible without page overflow at 320 (15.0s)
  ok  5 tests\e2e\approximation-planning.spec.js:35:34 › advanced lesson features and planning are accessible without page overflow at 390 (13.2s)
  ok  6 tests\e2e\approximation-planning.spec.js:35:34 › advanced lesson features and planning are accessible without page overflow at 768 (17.0s)
  ok  7 tests\e2e\deep-learning.spec.js:18:1 › complete both neural lessons, preserve old saves, refresh, export/import and honest unfinished lesson (5.8m)
  ok  8 tests\e2e\deep-learning.spec.js:19:1 › neural controls, exact episode reset, fresh learning and responsive pause/resume/cancel (22.6s)
  ok  9 tests\e2e\deep-learning.spec.js:20:1 › same seeded CPU DQN results across animation speeds (23.9s)
  ok 10 tests\e2e\deep-learning.spec.js:21:1 › early lessons do not request TensorFlow or neural chunks (3.2s)
  ok 11 tests\e2e\deep-learning.spec.js:22:1 › browser CPU benchmark, repeated worker initialization/evaluation memory and main-thread responsiveness (18.5s)
  ok 12 tests\e2e\deep-learning.spec.js:23:34 › accessible neural inspector fits viewport 320 (10.1s)
  ok 13 tests\e2e\deep-learning.spec.js:23:34 › accessible neural inspector fits viewport 390 (10.9s)
  ok 14 tests\e2e\deep-learning.spec.js:23:34 › accessible neural inspector fits viewport 768 (10.9s)
  ok 15 tests\e2e\environment.spec.js:30:1 › keyboard movement, collision trace, goal reward, and absorbing terminal gameplay (9.8s)
  ok 16 tests\e2e\environment.spec.js:64:1 › text map and Canvas hit testing inspect cells without moving or drawing RNG (8.0s)
  ok 17 tests\e2e\environment.spec.js:80:1 › touch movement, slippery probabilities, and mobile inspector use real state (7.2s)
  ok 18 tests\e2e\environment.spec.js:106:1 › Run/Pause/resume and Step produce identical seeded checkpoints and traces (3.6s)
  ok 19 tests\e2e\environment.spec.js:129:1 › leaving the free manual lab cancels Run and preserves its session (2.3s)
  ok 20 tests\e2e\environment.spec.js:145:1 › external timeout is visibly truncated, nonterminal, and cannot keep accumulating rewards (7.1s)
  ok 21 tests\e2e\environment.spec.js:163:1 › checkpoint replacement is explicit, survives refresh, and resumes exactly; reset meanings differ (8.1s)
  ok 22 tests\e2e\environment.spec.js:199:1 › collectible mask changes once, is visible, and resets with the episode (10.1s)
  ok 23 tests\e2e\environment.spec.js:216:1 › invalid seed and hostile checkpoint errors preserve the current episode (2.8s)
  ok 24 tests\e2e\environment.spec.js:233:1 › unavailable/quota-limited storage leaves memory-only gameplay usable (2.1s)
  ok 25 tests\e2e\environment.spec.js:249:1 › resize/redraw and reduced motion do not change seeded manual transitions (5.3s)
  ok 26 tests\e2e\lessons.spec.js:81:1 › complete all three lessons, resume, notebook, export, explicit import, and unfinished later lessons (38.9s)
  ok 27 tests\e2e\lessons.spec.js:136:1 › exploring ahead and saving free text do not grant completion or reveal pre-prediction results (2.5s)
  ok 28 tests\e2e\lessons.spec.js:155:1 › actual computed planning frames advance, pause, and cancel on stage navigation (2.7s)
  ok 29 tests\e2e\lessons.spec.js:188:1 › malformed imports and quota failures preserve memory progress and allow backup (2.7s)
  ok 30 tests\e2e\lessons.spec.js:208:2 › guided lesson responsive mobile (4.2s)
  ok 31 tests\e2e\lessons.spec.js:208:2 › guided lesson responsive tablet (5.0s)
  ok 32 tests\e2e\lessons.spec.js:208:2 › guided lesson responsive wide (5.0s)
  ok 33 tests\e2e\lessons.spec.js:208:2 › guided lesson responsive large-text-320 (4.7s)
  ok 34 tests\e2e\lessons.spec.js:219:1 › touch lesson controls and keyboard stage navigation remain usable (5.2s)
  ok 35 tests\e2e\model-free.spec.js:32:1 › both full learning journeys, refresh, real independent comparisons, notebook, and backup round trip (1.1m)
  ok 36 tests\e2e\model-free.spec.js:45:1 › worker pause/resume/cancel is responsive and preserves actual progress (5.4s)
  ok 37 tests\e2e\model-free.spec.js:53:1 › seeded tabular results are identical at live, slow, and disabled animation speeds (13.5s)
  ok 38 tests\e2e\model-free.spec.js:62:1 › prediction MC updates after complete episodes; episode reset preserves tables; edits isolate curves (5.4s)
  ok 39 tests\e2e\model-free.spec.js:69:1 › exploring ahead and free text cannot grant completion or expose learning before prediction (2.4s)
  ok 40 tests\e2e\model-free.spec.js:73:1 › route change cancels hidden training and refresh restores a checkpoint (5.1s)
  ok 41 tests\e2e\model-free.spec.js:77:121 › learning lab accessible responsive mobile (6.3s)
  ok 42 tests\e2e\model-free.spec.js:77:121 › learning lab accessible responsive tablet (7.0s)
  ok 43 tests\e2e\model-free.spec.js:77:121 › learning lab accessible responsive wide (8.3s)
  ok 44 tests\e2e\model-free.spec.js:77:121 › learning lab accessible responsive large-text-320 (6.5s)
  ok 45 tests\e2e\model-free.spec.js:81:1 › comparison cancellation and refresh preserve the original interactive experiment (4.9s)
  ok 46 tests\e2e\model-free.spec.js:85:1 › storage denial leaves usable memory-only learning and a downloadable checkpoint (2.4s)
  ok 47 tests\e2e\model-free.spec.js:90:1 › invalid backup is rejected before replacement and touch controls collect real samples (5.3s)
  ok 48 tests\e2e\model-free.spec.js:97:1 › trained Q overlay remains contained and its map scroller works at narrow large text (8.5s)
  ok 49 tests\e2e\policy-methods.spec.js:14:1 › complete lesson 08, real three-method experiment, refresh and backward-compatible backup (50.9s)
  ok 50 tests\e2e\policy-methods.spec.js:25:1 › actor-critic step, terminal trace, reset meanings, worker pause/resume/cancel and cap skip (13.3s)
  ok 51 tests\e2e\policy-methods.spec.js:30:1 › all three policy methods produce identical seeded results across display speeds (21.8s)
  ok 52 tests\e2e\policy-methods.spec.js:33:34 › policy probabilities and update inspector fit accessible viewport 320 (6.6s)
  ok 53 tests\e2e\policy-methods.spec.js:33:34 › policy probabilities and update inspector fit accessible viewport 390 (6.8s)
  ok 54 tests\e2e\policy-methods.spec.js:33:34 › policy probabilities and update inspector fit accessible viewport 768 (6.8s)
  ok 55 tests\e2e\shell.spec.js:14:1 › static subpath smoke: welcome loads with local assets and no runtime errors (2.1s)
  ok 56 tests\e2e\shell.spec.js:36:1 › all shell and unavailable routes support direct entry and reload (3.1s)
  ok 57 tests\e2e\shell.spec.js:44:1 › keyboard skip link, mobile menu, Escape, route focus, and workspace tabs (2.1s)
  ok 58 tests\e2e\shell.spec.js:74:1 › notebook tabs operate by keyboard without creating results (1.1s)
  ok 59 tests\e2e\shell.spec.js:84:1 › display settings persist; defaults leave unrelated host data intact (1.4s)
  ok 60 tests\e2e\shell.spec.js:98:1 › blocked storage keeps settings usable and gives a visible error (960ms)
  ok 61 tests\e2e\shell.spec.js:111:5 › desktop welcome: accessible shell and screenshot (4.3s)
  ok 62 tests\e2e\shell.spec.js:111:5 › desktop island: accessible shell and screenshot (4.6s)
  ok 63 tests\e2e\shell.spec.js:111:5 › desktop lesson/01: accessible shell and screenshot (4.3s)
  ok 64 tests\e2e\shell.spec.js:111:5 › desktop compare: accessible shell and screenshot (3.4s)
  ok 65 tests\e2e\shell.spec.js:111:5 › desktop notebook: accessible shell and screenshot (4.3s)
  ok 66 tests\e2e\shell.spec.js:111:5 › desktop settings: accessible shell and screenshot (4.5s)
  ok 67 tests\e2e\shell.spec.js:111:5 › mobile welcome: accessible shell and screenshot (3.7s)
  ok 68 tests\e2e\shell.spec.js:111:5 › mobile island: accessible shell and screenshot (4.3s)
  ok 69 tests\e2e\shell.spec.js:111:5 › mobile lesson/01: accessible shell and screenshot (3.6s)
  ok 70 tests\e2e\shell.spec.js:111:5 › mobile compare: accessible shell and screenshot (3.4s)
  ok 71 tests\e2e\shell.spec.js:111:5 › mobile notebook: accessible shell and screenshot (3.3s)
  ok 72 tests\e2e\shell.spec.js:111:5 › mobile settings: accessible shell and screenshot (3.2s)
  ok 73 tests\e2e\shell.spec.js:124:1 › tablet and wide workspaces, mobile menu, large text, and reduced motion (3.8s)

  Slow test file: tests\e2e\deep-learning.spec.js (7.5m)
  Consider running tests from slow files in parallel. See: https://playwright.dev/docs/test-parallel
  73 passed (18.1m)
