node:internal/modules/run_main:123
    triggerUncaughtException(
    ^

locator.screenshot: Element is not attached to the DOM
Call log:
  - taking element screenshot
  - waiting for fonts to load...
  - fonts loaded
  - attempting scroll into view action
    - waiting for element to be stable
    - element is not stable
  - retrying scroll into view action
    - waiting for element to be stable

    at C:\Users\lazeb\Desktop\acml_rl_course\scripts\capture-deep-review.mjs:10:151 {
  log: [
    '  - taking element screenshot',
    '  - waiting for fonts to load...',
    '  - fonts loaded',
    '  - attempting scroll into view action',
    '    - waiting for element to be stable',
    '    - element is not stable',
    '  - retrying scroll into view action',
    '    - waiting for element to be stable'
  ],
  name: 'Error'
}

Node.js v22.18.0
