
> rl-island@0.1.0 test:e2e
> node scripts/browser-tests.mjs test tests/e2e/approximation-planning.spec.js


Running 6 tests using 1 worker

(node:30868) Warning: The 'NO_COLOR' env is ignored due to the 'FORCE_COLOR' env being set.
(Use `node --trace-warnings ...` to show where the warning was created)
  x  1 tests\e2e\approximation-planning.spec.js:22:1 › both advanced six-stage journeys, old-save preservation, refresh and full backup round trip (1.2m)
(node:25712) Warning: The 'NO_COLOR' env is ignored due to the 'FORCE_COLOR' env being set.
(Use `node --trace-warnings ...` to show where the warning was created)
  x  2 tests\e2e\approximation-planning.spec.js:27:1 › linear SARSA, aliased representation, exact traces and reset meanings (30.3s)
(node:33784) Warning: The 'NO_COLOR' env is ignored due to the 'FORCE_COLOR' env being set.
(Use `node --trace-warnings ...` to show where the warning was created)
  x  3 tests\e2e\approximation-planning.spec.js:31:1 › Dyna planning setting, pause/resume/cancel and different display speeds retain identical seeded results (2.0m)
(node:31908) Warning: The 'NO_COLOR' env is ignored due to the 'FORCE_COLOR' env being set.
(Use `node --trace-warnings ...` to show where the warning was created)
  x  4 tests\e2e\approximation-planning.spec.js:35:34 › advanced lesson features and planning are accessible without page overflow at 320 (5.4s)
(node:30052) Warning: The 'NO_COLOR' env is ignored due to the 'FORCE_COLOR' env being set.
(Use `node --trace-warnings ...` to show where the warning was created)
  x  5 tests\e2e\approximation-planning.spec.js:35:34 › advanced lesson features and planning are accessible without page overflow at 390 (5.7s)
(node:8144) Warning: The 'NO_COLOR' env is ignored due to the 'FORCE_COLOR' env being set.
(Use `node --trace-warnings ...` to show where the warning was created)
  x  6 tests\e2e\approximation-planning.spec.js:35:34 › advanced lesson features and planning are accessible without page overflow at 768 (17.3s)


  1) tests\e2e\approximation-planning.spec.js:22:1 › both advanced six-stage journeys, old-save preservation, refresh and full backup round trip 

    Error: expect(received).toEqual(expected) // deep equality

    - Expected  -  1
    + Received  + 52

    - Array []
    + Array [
    +   Object {
    +     "description": "Ensure elements that have scrollable content are accessible by keyboard in Safari",
    +     "help": "Scrollable region must have keyboard access",
    +     "helpUrl": "https://dequeuniversity.com/rules/axe/4.13/scrollable-region-focusable?application=playwright",
    +     "id": "scrollable-region-focusable",
    +     "impact": "serious",
    +     "nodes": Array [
    +       Object {
    +         "all": Array [],
    +         "any": Array [
    +           Object {
    +             "data": null,
    +             "id": "focusable-content",
    +             "impact": "serious",
    +             "message": "Element should have focusable content",
    +             "relatedNodes": Array [],
    +           },
    +           Object {
    +             "data": null,
    +             "id": "focusable-element",
    +             "impact": "serious",
    +             "message": "Element should be focusable",
    +             "relatedNodes": Array [],
    +           },
    +         ],
    +         "failureSummary": "Fix any of the following:
    +   Element should have focusable content
    +   Element should be focusable",
    +         "html": "<div class=\"table-scroll\">",
    +         "impact": "serious",
    +         "none": Array [],
    +         "target": Array [
    +           "#advanced-inspector > .table-scroll",
    +         ],
    +       },
    +     ],
    +     "tags": Array [
    +       "cat.keyboard",
    +       "wcag2a",
    +       "wcag211",
    +       "wcag213",
    +       "TTv5",
    +       "TT4.a",
    +       "EN-301-549",
    +       "EN-9.2.1.1",
    +       "EN-9.2.1.3",
    +       "RGAAv4",
    +       "RGAA-7.3.2",
    +     ],
    +   },
    + ]

       7 | const action=(p,name)=>p.getByRole('button',{name,exact:true});
       8 | const picture=async(p,name)=>{await p.evaluate(()=>document.fonts.ready);await p.screenshot({path:dir+'/'+name+'.png',fullPage:true,animations:'disabled'});};
    >  9 | const axe=async p=>expect((await new AxeBuilder({page:p}).withTags(['wcag2a','wcag2aa','wcag21aa','wcag22aa']).analyze()).violations).toEqual([]);
         |                                                                                                                                       ^
      10 | async function open(p,id){await p.goto('#/lesson/'+id);await stage(p,1);await p.locator('[data-learning-form="prediction"] textarea').fill('Developer browser QA prediction, not a student result: measure the actual features and equal-real-budget comparison.');await action(p,'Save prediction').click();await stage(p,2);await expect(action(p,'Step')).toBeEnabled();}
      11 | async function train(p,n){const before=Number((await p.locator('#run-facts').innerText()).match(/(\d+) training interactions/)[1]);await p.getByLabel('Batch real interactions',{exact:true}).fill(String(n));await action(p,'Train batch').click();await expect(p.locator('#run-facts')).toContainText((before+n)+' training interactions',{timeout:90000});await expect(action(p,'Train batch')).toBeEnabled();}
      12 | async function complete(p,id){
        at axe (C:\Users\lazeb\Desktop\acml_rl_course\tests\e2e\approximation-planning.spec.js:9:135)
        at complete (C:\Users\lazeb\Desktop\acml_rl_course\tests\e2e\approximation-planning.spec.js:15:444)
        at C:\Users\lazeb\Desktop\acml_rl_course\tests\e2e\approximation-planning.spec.js:24:28

    Error Context: test-results\approximation-planning-bot-23921--and-full-backup-round-trip\error-context.md

    attachment #2: trace (application/zip) ─────────────────────────────────────────────────────────
    test-results\approximation-planning-bot-23921--and-full-backup-round-trip\trace.zip
    Usage:

        npx playwright show-trace test-results\approximation-planning-bot-23921--and-full-backup-round-trip\trace.zip

    ────────────────────────────────────────────────────────────────────────────────────────────────

  2) tests\e2e\approximation-planning.spec.js:27:1 › linear SARSA, aliased representation, exact traces and reset meanings 

    Test timeout of 30000ms exceeded.

    Error: locator.selectOption: Test timeout of 30000ms exceeded.
    Call log:
      - waiting for getByLabel('Representation', { exact: true })


      26 | });
      27 | test('linear SARSA, aliased representation, exact traces and reset meanings',async({page})=>{
    > 28 |  await open(page,'06');await page.locator('.learning-config summary').click();await page.getByLabel('Method',{exact:true}).selectOption('linear-sarsa');await page.getByLabel('Representation',{exact:true}).selectOption('aliased');await action(page,'Start new experiment with these settings').click();await expect(page.locator('#run-facts')).toContainText('Linear SARSA');await train(page,120);await expect(page.locator('#advanced-inspector')).toContainText('24 linear weights');await expect(page.locator('#advanced-inspector')).toContainText('aliased');await page.getByLabel('Overlay',{exact:true}).selectOption('q');await picture(page,'linear-sarsa-aliased-desktop');await axe(page);
         |                                                                                                                                                                                                              ^
      29 |  const weights=await page.locator('#advanced-inspector').innerText();await page.locator('.learning-config summary').click();await action(page,'Reset episode').click();await expect(page.locator('#learning-feedback')).toContainText('learned parameters preserved');expect((await page.locator('#advanced-inspector').innerText()).split('All weights:')[1].split('Same position')[0]).toBe(weights.split('All weights:')[1].split('Same position')[0]);await action(page,'Reset learning').click();await action(page,'Start fresh learning').click();await expect(page.locator('#run-facts')).toContainText('0 training interactions');await expect(page.locator('#advanced-inspector')).toContainText('All weights: [0, 0');
      30 | });
      31 | test('Dyna planning setting, pause/resume/cancel and different display speeds retain identical seeded results',async({page})=>{
        at C:\Users\lazeb\Desktop\acml_rl_course\tests\e2e\approximation-planning.spec.js:28:206

    Error Context: test-results\approximation-planning-lin-d3988-t-traces-and-reset-meanings\error-context.md

    attachment #2: trace (application/zip) ─────────────────────────────────────────────────────────
    test-results\approximation-planning-lin-d3988-t-traces-and-reset-meanings\trace.zip
    Usage:

        npx playwright show-trace test-results\approximation-planning-lin-d3988-t-traces-and-reset-meanings\trace.zip

    ────────────────────────────────────────────────────────────────────────────────────────────────

  3) tests\e2e\approximation-planning.spec.js:31:1 › Dyna planning setting, pause/resume/cancel and different display speeds retain identical seeded results 

    Test timeout of 120000ms exceeded.

    Error: locator.fill: Test timeout of 120000ms exceeded.
    Call log:
      - waiting for locator('[data-learning-form="prediction"] textarea')


       8 | const picture=async(p,name)=>{await p.evaluate(()=>document.fonts.ready);await p.screenshot({path:dir+'/'+name+'.png',fullPage:true,animations:'disabled'});};
       9 | const axe=async p=>expect((await new AxeBuilder({page:p}).withTags(['wcag2a','wcag2aa','wcag21aa','wcag22aa']).analyze()).violations).toEqual([]);
    > 10 | async function open(p,id){await p.goto('#/lesson/'+id);await stage(p,1);await p.locator('[data-learning-form="prediction"] textarea').fill('Developer browser QA prediction, not a student result: measure the actual features and equal-real-budget comparison.');await action(p,'Save prediction').click();await stage(p,2);await expect(action(p,'Step')).toBeEnabled();}
         |                                                                                                                                       ^
      11 | async function train(p,n){const before=Number((await p.locator('#run-facts').innerText()).match(/(\d+) training interactions/)[1]);await p.getByLabel('Batch real interactions',{exact:true}).fill(String(n));await action(p,'Train batch').click();await expect(p.locator('#run-facts')).toContainText((before+n)+' training interactions',{timeout:90000});await expect(action(p,'Train batch')).toBeEnabled();}
      12 | async function complete(p,id){
      13 |  await p.goto('#/lesson/'+id);await p.locator('[data-learning-check="observe"] select').selectOption({index:1});await action(p,'Check understanding').click();await expect(p.locator('#learning-feedback')).toContainText('Correct.');await stage(p,1);await p.locator('[data-learning-form="prediction"] textarea').fill('Browser QA prior prediction: compare real measured outcomes; no method is guaranteed to win.');await action(p,'Save prediction').click();await stage(p,2);await expect(action(p,'Step')).toBeEnabled();await action(p,'Step').focus();await p.keyboard.press('Space');await expect(p.locator('#run-facts')).toContainText('1 training interactions');await expect(p.locator('#learning-explanation')).toContainText('REAL experience');
        at open (C:\Users\lazeb\Desktop\acml_rl_course\tests\e2e\approximation-planning.spec.js:10:135)
        at C:\Users\lazeb\Desktop\acml_rl_course\tests\e2e\approximation-planning.spec.js:33:134

    Error Context: test-results\approximation-planning-Dyn-7c0ab-in-identical-seeded-results\error-context.md

    attachment #2: trace (application/zip) ─────────────────────────────────────────────────────────
    test-results\approximation-planning-Dyn-7c0ab-in-identical-seeded-results\trace.zip
    Usage:

        npx playwright show-trace test-results\approximation-planning-Dyn-7c0ab-in-identical-seeded-results\trace.zip

    ────────────────────────────────────────────────────────────────────────────────────────────────

  4) tests\e2e\approximation-planning.spec.js:35:34 › advanced lesson features and planning are accessible without page overflow at 320 

    Error: expect(received).toBe(expected) // Object.is equality

    Expected: true
    Received: false

      34 | });
      35 | for(const width of [320,390,768])test('advanced lesson features and planning are accessible without page overflow at '+width,async({page})=>{
    > 36 |  test.setTimeout(90000);await page.setViewportSize({width,height:900});for(const id of ['06','07']){await open(page,id);await train(page,30);expect(await page.evaluate(()=>document.documentElement.scrollWidth<=innerWidth)).toBe(true);await axe(page);await picture(page,'lesson-'+id+'-'+width);}
         |                                                                                                                                                                                                                                ^
      37 | });
      38 |
        at C:\Users\lazeb\Desktop\acml_rl_course\tests\e2e\approximation-planning.spec.js:36:224

    Error Context: test-results\approximation-planning-adv-d1d2c-ithout-page-overflow-at-320\error-context.md

    attachment #2: trace (application/zip) ─────────────────────────────────────────────────────────
    test-results\approximation-planning-adv-d1d2c-ithout-page-overflow-at-320\trace.zip
    Usage:

        npx playwright show-trace test-results\approximation-planning-adv-d1d2c-ithout-page-overflow-at-320\trace.zip

    ────────────────────────────────────────────────────────────────────────────────────────────────

  5) tests\e2e\approximation-planning.spec.js:35:34 › advanced lesson features and planning are accessible without page overflow at 390 

    Error: expect(received).toBe(expected) // Object.is equality

    Expected: true
    Received: false

      34 | });
      35 | for(const width of [320,390,768])test('advanced lesson features and planning are accessible without page overflow at '+width,async({page})=>{
    > 36 |  test.setTimeout(90000);await page.setViewportSize({width,height:900});for(const id of ['06','07']){await open(page,id);await train(page,30);expect(await page.evaluate(()=>document.documentElement.scrollWidth<=innerWidth)).toBe(true);await axe(page);await picture(page,'lesson-'+id+'-'+width);}
         |                                                                                                                                                                                                                                ^
      37 | });
      38 |
        at C:\Users\lazeb\Desktop\acml_rl_course\tests\e2e\approximation-planning.spec.js:36:224

    Error Context: test-results\approximation-planning-adv-e51da-ithout-page-overflow-at-390\error-context.md

    attachment #2: trace (application/zip) ─────────────────────────────────────────────────────────
    test-results\approximation-planning-adv-e51da-ithout-page-overflow-at-390\trace.zip
    Usage:

        npx playwright show-trace test-results\approximation-planning-adv-e51da-ithout-page-overflow-at-390\trace.zip

    ────────────────────────────────────────────────────────────────────────────────────────────────

  6) tests\e2e\approximation-planning.spec.js:35:34 › advanced lesson features and planning are accessible without page overflow at 768 

    Error: expect(received).toEqual(expected) // deep equality

    - Expected  -  1
    + Received  + 52

    - Array []
    + Array [
    +   Object {
    +     "description": "Ensure elements that have scrollable content are accessible by keyboard in Safari",
    +     "help": "Scrollable region must have keyboard access",
    +     "helpUrl": "https://dequeuniversity.com/rules/axe/4.13/scrollable-region-focusable?application=playwright",
    +     "id": "scrollable-region-focusable",
    +     "impact": "serious",
    +     "nodes": Array [
    +       Object {
    +         "all": Array [],
    +         "any": Array [
    +           Object {
    +             "data": null,
    +             "id": "focusable-content",
    +             "impact": "serious",
    +             "message": "Element should have focusable content",
    +             "relatedNodes": Array [],
    +           },
    +           Object {
    +             "data": null,
    +             "id": "focusable-element",
    +             "impact": "serious",
    +             "message": "Element should be focusable",
    +             "relatedNodes": Array [],
    +           },
    +         ],
    +         "failureSummary": "Fix any of the following:
    +   Element should have focusable content
    +   Element should be focusable",
    +         "html": "<div class=\"table-scroll\">",
    +         "impact": "serious",
    +         "none": Array [],
    +         "target": Array [
    +           "#advanced-inspector > .table-scroll",
    +         ],
    +       },
    +     ],
    +     "tags": Array [
    +       "cat.keyboard",
    +       "wcag2a",
    +       "wcag211",
    +       "wcag213",
    +       "TTv5",
    +       "TT4.a",
    +       "EN-301-549",
    +       "EN-9.2.1.1",
    +       "EN-9.2.1.3",
    +       "RGAAv4",
    +       "RGAA-7.3.2",
    +     ],
    +   },
    + ]

       7 | const action=(p,name)=>p.getByRole('button',{name,exact:true});
       8 | const picture=async(p,name)=>{await p.evaluate(()=>document.fonts.ready);await p.screenshot({path:dir+'/'+name+'.png',fullPage:true,animations:'disabled'});};
    >  9 | const axe=async p=>expect((await new AxeBuilder({page:p}).withTags(['wcag2a','wcag2aa','wcag21aa','wcag22aa']).analyze()).violations).toEqual([]);
         |                                                                                                                                       ^
      10 | async function open(p,id){await p.goto('#/lesson/'+id);await stage(p,1);await p.locator('[data-learning-form="prediction"] textarea').fill('Developer browser QA prediction, not a student result: measure the actual features and equal-real-budget comparison.');await action(p,'Save prediction').click();await stage(p,2);await expect(action(p,'Step')).toBeEnabled();}
      11 | async function train(p,n){const before=Number((await p.locator('#run-facts').innerText()).match(/(\d+) training interactions/)[1]);await p.getByLabel('Batch real interactions',{exact:true}).fill(String(n));await action(p,'Train batch').click();await expect(p.locator('#run-facts')).toContainText((before+n)+' training interactions',{timeout:90000});await expect(action(p,'Train batch')).toBeEnabled();}
      12 | async function complete(p,id){
        at axe (C:\Users\lazeb\Desktop\acml_rl_course\tests\e2e\approximation-planning.spec.js:9:135)
        at C:\Users\lazeb\Desktop\acml_rl_course\tests\e2e\approximation-planning.spec.js:36:235

    Error Context: test-results\approximation-planning-adv-9e884-ithout-page-overflow-at-768\error-context.md

    attachment #2: trace (application/zip) ─────────────────────────────────────────────────────────
    test-results\approximation-planning-adv-9e884-ithout-page-overflow-at-768\trace.zip
    Usage:

        npx playwright show-trace test-results\approximation-planning-adv-9e884-ithout-page-overflow-at-768\trace.zip

    ────────────────────────────────────────────────────────────────────────────────────────────────

  6 failed
    tests\e2e\approximation-planning.spec.js:22:1 › both advanced six-stage journeys, old-save preservation, refresh and full backup round trip 
    tests\e2e\approximation-planning.spec.js:27:1 › linear SARSA, aliased representation, exact traces and reset meanings 
    tests\e2e\approximation-planning.spec.js:31:1 › Dyna planning setting, pause/resume/cancel and different display speeds retain identical seeded results 
    tests\e2e\approximation-planning.spec.js:35:34 › advanced lesson features and planning are accessible without page overflow at 320 
    tests\e2e\approximation-planning.spec.js:35:34 › advanced lesson features and planning are accessible without page overflow at 390 
    tests\e2e\approximation-planning.spec.js:35:34 › advanced lesson features and planning are accessible without page overflow at 768 
