
> rl-island@0.1.0 test:e2e
> node scripts/browser-tests.mjs test


Running 59 tests using 1 worker

(node:26400) Warning: The 'NO_COLOR' env is ignored due to the 'FORCE_COLOR' env being set.
(Use `node --trace-warnings ...` to show where the warning was created)
  ok  1 tests\e2e\approximation-planning.spec.js:22:1 › both advanced six-stage journeys, old-save preservation, refresh and full backup round trip (2.2m)
  ok  2 tests\e2e\approximation-planning.spec.js:27:1 › linear SARSA, aliased representation, exact traces and reset meanings (21.7s)
  ok  3 tests\e2e\approximation-planning.spec.js:31:1 › Dyna planning setting, pause/resume/cancel and different display speeds retain identical seeded results (21.6s)
  ok  4 tests\e2e\approximation-planning.spec.js:35:34 › advanced lesson features and planning are accessible without page overflow at 320 (21.1s)
  ok  5 tests\e2e\approximation-planning.spec.js:35:34 › advanced lesson features and planning are accessible without page overflow at 390 (17.0s)
  ok  6 tests\e2e\approximation-planning.spec.js:35:34 › advanced lesson features and planning are accessible without page overflow at 768 (18.1s)
  ok  7 tests\e2e\environment.spec.js:30:1 › keyboard movement, collision trace, goal reward, and absorbing terminal gameplay (15.5s)
  ok  8 tests\e2e\environment.spec.js:64:1 › text map and Canvas hit testing inspect cells without moving or drawing RNG (10.6s)
  ok  9 tests\e2e\environment.spec.js:80:1 › touch movement, slippery probabilities, and mobile inspector use real state (11.7s)
  ok 10 tests\e2e\environment.spec.js:106:1 › Run/Pause/resume and Step produce identical seeded checkpoints and traces (8.9s)
  x  11 tests\e2e\environment.spec.js:129:1 › leaving the free manual lab cancels Run and preserves its session (6.6s)
(node:29856) Warning: The 'NO_COLOR' env is ignored due to the 'FORCE_COLOR' env being set.
(Use `node --trace-warnings ...` to show where the warning was created)
  ok 12 tests\e2e\environment.spec.js:143:1 › external timeout is visibly truncated, nonterminal, and cannot keep accumulating rewards (14.9s)
  ok 13 tests\e2e\environment.spec.js:161:1 › checkpoint replacement is explicit, survives refresh, and resumes exactly; reset meanings differ (11.8s)
  ok 14 tests\e2e\environment.spec.js:197:1 › collectible mask changes once, is visible, and resets with the episode (20.8s)
  ok 15 tests\e2e\environment.spec.js:214:1 › invalid seed and hostile checkpoint errors preserve the current episode (2.1s)
  ok 16 tests\e2e\environment.spec.js:231:1 › unavailable/quota-limited storage leaves memory-only gameplay usable (3.1s)
  ok 17 tests\e2e\environment.spec.js:247:1 › resize/redraw and reduced motion do not change seeded manual transitions (9.7s)
  ok 18 tests\e2e\lessons.spec.js:81:1 › complete all three lessons, resume, notebook, export, explicit import, and unfinished later lessons (1.0m)
  ok 19 tests\e2e\lessons.spec.js:136:1 › exploring ahead and saving free text do not grant completion or reveal pre-prediction results (4.5s)
  ok 20 tests\e2e\lessons.spec.js:155:1 › actual computed planning frames advance, pause, and cancel on stage navigation (2.4s)
  ok 21 tests\e2e\lessons.spec.js:188:1 › malformed imports and quota failures preserve memory progress and allow backup (13.3s)
  ok 22 tests\e2e\lessons.spec.js:208:2 › guided lesson responsive mobile (7.5s)
  ok 23 tests\e2e\lessons.spec.js:208:2 › guided lesson responsive tablet (7.5s)
  ok 24 tests\e2e\lessons.spec.js:208:2 › guided lesson responsive wide (19.3s)
  ok 25 tests\e2e\lessons.spec.js:208:2 › guided lesson responsive large-text-320 (11.7s)
  ok 26 tests\e2e\lessons.spec.js:219:1 › touch lesson controls and keyboard stage navigation remain usable (13.7s)
  ok 27 tests\e2e\model-free.spec.js:32:1 › both full learning journeys, refresh, real independent comparisons, notebook, and backup round trip (1.6m)
  ok 28 tests\e2e\model-free.spec.js:45:1 › worker pause/resume/cancel is responsive and preserves actual progress (7.7s)
  ok 29 tests\e2e\model-free.spec.js:53:1 › seeded tabular results are identical at live, slow, and disabled animation speeds (13.1s)
  x  30 tests\e2e\model-free.spec.js:62:1 › prediction MC updates after complete episodes; episode reset preserves tables; edits isolate curves (11.3s)
(node:25496) Warning: The 'NO_COLOR' env is ignored due to the 'FORCE_COLOR' env being set.
(Use `node --trace-warnings ...` to show where the warning was created)
  ok 31 tests\e2e\model-free.spec.js:69:1 › exploring ahead and free text cannot grant completion or expose learning before prediction (5.4s)
  ok 32 tests\e2e\model-free.spec.js:73:1 › route change cancels hidden training and refresh restores a checkpoint (5.5s)
  ok 33 tests\e2e\model-free.spec.js:77:121 › learning lab accessible responsive mobile (7.9s)
  ok 34 tests\e2e\model-free.spec.js:77:121 › learning lab accessible responsive tablet (12.4s)
  ok 35 tests\e2e\model-free.spec.js:77:121 › learning lab accessible responsive wide (10.8s)
  ok 36 tests\e2e\model-free.spec.js:77:121 › learning lab accessible responsive large-text-320 (11.2s)
  ok 37 tests\e2e\model-free.spec.js:81:1 › comparison cancellation and refresh preserve the original interactive experiment (7.4s)
  ok 38 tests\e2e\model-free.spec.js:85:1 › storage denial leaves usable memory-only learning and a downloadable checkpoint (11.5s)
  ok 39 tests\e2e\model-free.spec.js:90:1 › invalid backup is rejected before replacement and touch controls collect real samples (5.6s)
  ok 40 tests\e2e\model-free.spec.js:97:1 › trained Q overlay remains contained and its map scroller works at narrow large text (8.4s)
  ok 41 tests\e2e\shell.spec.js:14:1 › static subpath smoke: welcome loads with local assets and no runtime errors (5.0s)
  ok 42 tests\e2e\shell.spec.js:36:1 › all shell and unavailable routes support direct entry and reload (5.2s)
  ok 43 tests\e2e\shell.spec.js:44:1 › keyboard skip link, mobile menu, Escape, route focus, and workspace tabs (8.3s)
  ok 44 tests\e2e\shell.spec.js:74:1 › notebook tabs operate by keyboard without creating results (697ms)
  ok 45 tests\e2e\shell.spec.js:84:1 › display settings persist; defaults leave unrelated host data intact (1.1s)
  ok 46 tests\e2e\shell.spec.js:98:1 › blocked storage keeps settings usable and gives a visible error (1.1s)
  ok 47 tests\e2e\shell.spec.js:111:5 › desktop welcome: accessible shell and screenshot (7.0s)
  ok 48 tests\e2e\shell.spec.js:111:5 › desktop island: accessible shell and screenshot (7.6s)
  ok 49 tests\e2e\shell.spec.js:111:5 › desktop lesson/01: accessible shell and screenshot (7.2s)
  ok 50 tests\e2e\shell.spec.js:111:5 › desktop compare: accessible shell and screenshot (9.1s)
  ok 51 tests\e2e\shell.spec.js:111:5 › desktop notebook: accessible shell and screenshot (2.5s)
  ok 52 tests\e2e\shell.spec.js:111:5 › desktop settings: accessible shell and screenshot (5.0s)
  ok 53 tests\e2e\shell.spec.js:111:5 › mobile welcome: accessible shell and screenshot (5.3s)
  ok 54 tests\e2e\shell.spec.js:111:5 › mobile island: accessible shell and screenshot (6.1s)
  ok 55 tests\e2e\shell.spec.js:111:5 › mobile lesson/01: accessible shell and screenshot (9.8s)
  ok 56 tests\e2e\shell.spec.js:111:5 › mobile compare: accessible shell and screenshot (2.4s)
  ok 57 tests\e2e\shell.spec.js:111:5 › mobile notebook: accessible shell and screenshot (5.8s)
  ok 58 tests\e2e\shell.spec.js:111:5 › mobile settings: accessible shell and screenshot (8.0s)
  ok 59 tests\e2e\shell.spec.js:124:1 › tablet and wide workspaces, mobile menu, large text, and reduced motion (2.4s)


  1) tests\e2e\environment.spec.js:129:1 › leaving the free manual lab cancels Run and preserves its session 

    Error: expect(locator).toHaveText(expected) failed

    Locator:  locator('#episode-steps')
    Expected: "2"
    Received: "3"
    Timeout:  5000ms

    Call log:
      - Expect "toHaveText" locator('#episode-steps') with timeout 5000ms
      - waiting for locator('#episode-steps')
        13 × locator resolved to <dd id="episode-steps" data-testid="episode-steps">3</dd>
           - unexpected value "3"


      135 |   await page.clock.runFor(5000);
      136 |   await page.getByRole('link', { name: 'Open the free manual lab', exact: true }).click();
    > 137 |   await expect(page.locator('#episode-steps')).toHaveText('2');
          |                                                ^
      138 |   await expect(button(page, 'Run')).toHaveAttribute('aria-pressed', 'false');
      139 |   await page.clock.runFor(2000);
      140 |   await expect(page.locator('#episode-steps')).toHaveText('2');
        at C:\Users\lazeb\Desktop\acml_rl_course\tests\e2e\environment.spec.js:137:48

    Error Context: test-results\environment-leaving-the-fr-c4a08-n-and-preserves-its-session\error-context.md

    attachment #2: trace (application/zip) ─────────────────────────────────────────────────────────
    test-results\environment-leaving-the-fr-c4a08-n-and-preserves-its-session\trace.zip
    Usage:

        npx playwright show-trace test-results\environment-leaving-the-fr-c4a08-n-and-preserves-its-session\trace.zip

    ────────────────────────────────────────────────────────────────────────────────────────────────

  2) tests\e2e\model-free.spec.js:62:1 › prediction MC updates after complete episodes; episode reset preserves tables; edits isolate curves 

    Error: expect(locator).toContainText(expected) failed

    Locator: locator('#learning-feedback')
    Expected substring: "learned tables preserved"
    Received string:    "Episode reset; learned parameters preserved. Incomplete MC returns are skipped."
    Timeout: 5000ms

    Call log:
      - Expect "toContainText" locator('#learning-feedback') with timeout 5000ms
      - waiting for locator('#learning-feedback')
        - locator resolved to <p role="status" id="learning-feedback">Command completed; displayed data comes from this…</p>
        - unexpected value "Command completed; displayed data comes from this run."
        11 × locator resolved to <p role="status" id="learning-feedback">Episode reset; learned parameters preserved. Inco…</p>
           - unexpected value "Episode reset; learned parameters preserved. Incomplete MC returns are skipped."


      63 |  await openLab(page,'04');await page.locator('.learning-config summary').click();await page.getByLabel('Method',{exact:true}).selectOption('mc');await action(page,'Start new experiment with these settings').click();await expect(page.locator('#run-facts')).toContainText('First-visit Monte Carlo');await action(page,'Episode').click();await expect(page.locator('#learning-explanation')).toContainText('mc first-visit return');
      64 |  const before=await page.locator('#learning-fingerprint').innerText();await page.getByLabel('Overlay',{exact:true}).selectOption('visits');await picture(page,'mc-visits-update');
    > 65 |  await page.locator('.learning-config summary').click();await action(page,'Reset episode').click();await expect(page.locator('#learning-feedback')).toContainText('learned parameters preserved');expect(await page.locator('#learning-fingerprint').innerText()).toBe(before);
         |                                                                                                                                                     ^
      66 |  await page.getByLabel('Discount gamma').fill('0.5');await action(page,'Start new experiment with these settings').click();await expect(page.locator('#run-facts')).toContainText('0 training interactions');await expect(page.locator('#run-facts')).toContainText('γ 0.5');
      67 | });
      68 |
        at C:\Users\lazeb\Desktop\acml_rl_course\tests\e2e\model-free.spec.js:65:149

    Error Context: test-results\model-free-prediction-MC-u-f9e3a-tables-edits-isolate-curves\error-context.md

    attachment #2: trace (application/zip) ─────────────────────────────────────────────────────────
    test-results\model-free-prediction-MC-u-f9e3a-tables-edits-isolate-curves\trace.zip
    Usage:

        npx playwright show-trace test-results\model-free-prediction-MC-u-f9e3a-tables-edits-isolate-curves\trace.zip

    ────────────────────────────────────────────────────────────────────────────────────────────────

  2 failed
    tests\e2e\environment.spec.js:129:1 › leaving the free manual lab cancels Run and preserves its session 
    tests\e2e\model-free.spec.js:62:1 › prediction MC updates after complete episodes; episode reset preserves tables; edits isolate curves 
  57 passed (14.9m)
