
> rl-island@0.1.0 build
> vite build

vite v8.3.0 building client environment for production...
transforming...
✓ 61 modules transformed.
rendering chunks...
computing gzip size...
dist/index.html                                      0.74 kB │ gzip:   0.43 kB
dist/assets/inter-latin-400-normal-C38fXH4l.woff2   23.66 kB
dist/assets/inter-latin-500-normal-Cerq10X2.woff2   24.27 kB
dist/assets/inter-latin-700-normal-Yt3aPRUw.woff2   24.35 kB
dist/assets/inter-latin-600-normal-LgqL8muc.woff2   24.45 kB
dist/assets/inter-latin-400-normal-CyCys3Eg.woff    30.69 kB
dist/assets/inter-latin-600-normal-CiBQ2DWP.woff    31.26 kB
dist/assets/inter-latin-500-normal-BL9OpVg8.woff    31.28 kB
dist/assets/inter-latin-700-normal-BLAVimhd.woff    31.32 kB
dist/assets/training.worker-C75XRuYa.js             39.86 kB
dist/assets/index-BU6A4bEh.css                      40.18 kB │ gzip:   9.10 kB
dist/assets/index-B0Flcy1_.js                      398.07 kB │ gzip: 133.20 kB

✓ built in 2.39s
