
> rl-island@0.1.0 test:unit
> vitest run tests/unit/model-free.test.js


 RUN  v5.0.1 C:/Users/lazeb/Desktop/acml_rl_course

 ❯ tests/unit/model-free.test.js (25 tests | 1 failed) 1720ms
   ❯ independently specified numerical model-free fixtures (21)
     × exploration branch is its draw, even when it selects the greedy action 48ms

⎯⎯⎯⎯⎯⎯⎯ Failed Tests 1 ⎯⎯⎯⎯⎯⎯⎯

 FAIL  tests/unit/model-free.test.js > independently specified numerical model-free fixtures > exploration branch is its draw, even when it selects the greedy action
AssertionError: expected [ Array(4) ] to deeply equal [ 0.85, 0.05, 0.05, 0.05 ]

- Expected
+ Received

  [
-   0.85,
+   0.8500000000000001,
    0.05,
    0.05,
    0.05,
  ]

 ❯ tests/unit/model-free.test.js:41:102
     39|  test('exploration branch is its draw, even when it selects the greedy…
     40|   const draws=[.05,.01],rng={next:()=>draws.shift()};const d=chooseAct…
     41|   expect(d.branch).toBe('exploration');expect(d.action).toBe(d.greedyA…
       |                                                                                                      ^
     42|  });
     43|  test('fixed prediction policy ignores values; frozen control uses exp…

⎯⎯⎯⎯⎯⎯⎯⎯⎯⎯⎯⎯⎯⎯⎯⎯⎯⎯⎯⎯⎯⎯⎯⎯[1/1]⎯


 Test Files  1 failed (1)
      Tests  1 failed | 24 passed (25)
   Start at  22:49:33
   Duration  3.14s (tests 69%, transform 23%, import 7%, worker 1%)

