
> rl-island@0.1.0 test:e2e
> node scripts/browser-tests.mjs test tests/e2e/model-free.spec.js tests/e2e/shell.spec.js


Running 33 tests using 1 worker

(node:31692) Warning: The 'NO_COLOR' env is ignored due to the 'FORCE_COLOR' env being set.
(Use `node --trace-warnings ...` to show where the warning was created)
  ok  1 tests\e2e\model-free.spec.js:32:1 › both full learning journeys, refresh, real independent comparisons, notebook, and backup round trip (1.2m)
  ok  2 tests\e2e\model-free.spec.js:45:1 › worker pause/resume/cancel is responsive and preserves actual progress (5.1s)
  ok  3 tests\e2e\model-free.spec.js:53:1 › seeded tabular results are identical at live, slow, and disabled animation speeds (19.3s)
  ok  4 tests\e2e\model-free.spec.js:62:1 › prediction MC updates after complete episodes; episode reset preserves tables; edits isolate curves (10.3s)
  ok  5 tests\e2e\model-free.spec.js:69:1 › exploring ahead and free text cannot grant completion or expose learning before prediction (1.3s)
  ok  6 tests\e2e\model-free.spec.js:73:1 › route change cancels hidden training and refresh restores a checkpoint (4.5s)
  ok  7 tests\e2e\model-free.spec.js:77:121 › learning lab accessible responsive mobile (6.5s)
  ok  8 tests\e2e\model-free.spec.js:77:121 › learning lab accessible responsive tablet (8.4s)
  ok  9 tests\e2e\model-free.spec.js:77:121 › learning lab accessible responsive wide (8.9s)
  ok 10 tests\e2e\model-free.spec.js:77:121 › learning lab accessible responsive large-text-320 (7.7s)
  ok 11 tests\e2e\model-free.spec.js:81:1 › comparison cancellation and refresh preserve the original interactive experiment (10.6s)
  ok 12 tests\e2e\model-free.spec.js:85:1 › storage denial leaves usable memory-only learning and a downloadable checkpoint (3.6s)
  ok 13 tests\e2e\model-free.spec.js:90:1 › invalid backup is rejected before replacement and touch controls collect real samples (8.2s)
  ok 14 tests\e2e\model-free.spec.js:97:1 › trained Q overlay remains contained and its map scroller works at narrow large text (12.1s)
  ok 15 tests\e2e\shell.spec.js:14:1 › static subpath smoke: welcome loads with local assets and no runtime errors (1.3s)
  ok 16 tests\e2e\shell.spec.js:36:1 › all shell and unavailable routes support direct entry and reload (7.9s)
  ok 17 tests\e2e\shell.spec.js:44:1 › keyboard skip link, mobile menu, Escape, route focus, and workspace tabs (2.2s)
  ok 18 tests\e2e\shell.spec.js:74:1 › notebook tabs operate by keyboard without creating results (1.7s)
  ok 19 tests\e2e\shell.spec.js:84:1 › display settings persist; defaults leave unrelated host data intact (4.3s)
  ok 20 tests\e2e\shell.spec.js:98:1 › blocked storage keeps settings usable and gives a visible error (763ms)
  ok 21 tests\e2e\shell.spec.js:111:5 › desktop welcome: accessible shell and screenshot (4.5s)
  ok 22 tests\e2e\shell.spec.js:111:5 › desktop island: accessible shell and screenshot (5.7s)
  ok 23 tests\e2e\shell.spec.js:111:5 › desktop lesson/01: accessible shell and screenshot (8.2s)
  ok 24 tests\e2e\shell.spec.js:111:5 › desktop compare: accessible shell and screenshot (8.1s)
  ok 25 tests\e2e\shell.spec.js:111:5 › desktop notebook: accessible shell and screenshot (9.6s)
  ok 26 tests\e2e\shell.spec.js:111:5 › desktop settings: accessible shell and screenshot (8.6s)
  ok 27 tests\e2e\shell.spec.js:111:5 › mobile welcome: accessible shell and screenshot (8.3s)
  ok 28 tests\e2e\shell.spec.js:111:5 › mobile island: accessible shell and screenshot (7.8s)
  ok 29 tests\e2e\shell.spec.js:111:5 › mobile lesson/01: accessible shell and screenshot (6.5s)
  ok 30 tests\e2e\shell.spec.js:111:5 › mobile compare: accessible shell and screenshot (4.6s)
  ok 31 tests\e2e\shell.spec.js:111:5 › mobile notebook: accessible shell and screenshot (4.2s)
  ok 32 tests\e2e\shell.spec.js:111:5 › mobile settings: accessible shell and screenshot (5.9s)
  ok 33 tests\e2e\shell.spec.js:124:1 › tablet and wide workspaces, mobile menu, large text, and reduced motion (7.5s)

  33 passed (5.3m)
