
> rl-island@0.1.0 test:e2e
> node scripts/browser-tests.mjs test


Running 52 tests using 1 worker

(node:32528) Warning: The 'NO_COLOR' env is ignored due to the 'FORCE_COLOR' env being set.
(Use `node --trace-warnings ...` to show where the warning was created)
  ok  1 tests\e2e\environment.spec.js:30:1 › keyboard movement, collision trace, goal reward, and absorbing terminal gameplay (13.3s)
  ok  2 tests\e2e\environment.spec.js:64:1 › text map and Canvas hit testing inspect cells without moving or drawing RNG (12.1s)
  ok  3 tests\e2e\environment.spec.js:80:1 › touch movement, slippery probabilities, and mobile inspector use real state (10.5s)
  ok  4 tests\e2e\environment.spec.js:106:1 › Run/Pause/resume and Step produce identical seeded checkpoints and traces (5.1s)
  ok  5 tests\e2e\environment.spec.js:129:1 › leaving the free manual lab cancels Run and preserves its session (3.3s)
  ok  6 tests\e2e\environment.spec.js:143:1 › external timeout is visibly truncated, nonterminal, and cannot keep accumulating rewards (10.8s)
  ok  7 tests\e2e\environment.spec.js:161:1 › checkpoint replacement is explicit, survives refresh, and resumes exactly; reset meanings differ (11.1s)
  ok  8 tests\e2e\environment.spec.js:197:1 › collectible mask changes once, is visible, and resets with the episode (13.5s)
  ok  9 tests\e2e\environment.spec.js:214:1 › invalid seed and hostile checkpoint errors preserve the current episode (3.7s)
  ok 10 tests\e2e\environment.spec.js:231:1 › unavailable/quota-limited storage leaves memory-only gameplay usable (3.5s)
  ok 11 tests\e2e\environment.spec.js:247:1 › resize/redraw and reduced motion do not change seeded manual transitions (7.9s)
  ok 12 tests\e2e\lessons.spec.js:81:1 › complete all three lessons, resume, notebook, export, explicit import, and unfinished later lessons (45.1s)
  ok 13 tests\e2e\lessons.spec.js:136:1 › exploring ahead and saving free text do not grant completion or reveal pre-prediction results (2.1s)
  ok 14 tests\e2e\lessons.spec.js:155:1 › actual computed planning frames advance, pause, and cancel on stage navigation (3.7s)
  ok 15 tests\e2e\lessons.spec.js:188:1 › malformed imports and quota failures preserve memory progress and allow backup (3.8s)
  ok 16 tests\e2e\lessons.spec.js:208:2 › guided lesson responsive mobile (9.6s)
  ok 17 tests\e2e\lessons.spec.js:208:2 › guided lesson responsive tablet (5.6s)
  ok 18 tests\e2e\lessons.spec.js:208:2 › guided lesson responsive wide (8.9s)
  ok 19 tests\e2e\lessons.spec.js:208:2 › guided lesson responsive large-text-320 (8.1s)
  ok 20 tests\e2e\lessons.spec.js:219:1 › touch lesson controls and keyboard stage navigation remain usable (6.1s)
  ok 21 tests\e2e\model-free.spec.js:32:1 › both full learning journeys, refresh, real independent comparisons, notebook, and backup round trip (1.2m)
  ok 22 tests\e2e\model-free.spec.js:45:1 › worker pause/resume/cancel is responsive and preserves actual progress (4.4s)
  ok 23 tests\e2e\model-free.spec.js:53:1 › seeded tabular results are identical at live, slow, and disabled animation speeds (8.5s)
  ok 24 tests\e2e\model-free.spec.js:62:1 › prediction MC updates after complete episodes; episode reset preserves tables; edits isolate curves (5.1s)
  ok 25 tests\e2e\model-free.spec.js:69:1 › exploring ahead and free text cannot grant completion or expose learning before prediction (2.3s)
  ok 26 tests\e2e\model-free.spec.js:73:1 › route change cancels hidden training and refresh restores a checkpoint (3.5s)
  ok 27 tests\e2e\model-free.spec.js:77:121 › learning lab accessible responsive mobile (7.8s)
  ok 28 tests\e2e\model-free.spec.js:77:121 › learning lab accessible responsive tablet (12.7s)
  ok 29 tests\e2e\model-free.spec.js:77:121 › learning lab accessible responsive wide (8.1s)
  ok 30 tests\e2e\model-free.spec.js:77:121 › learning lab accessible responsive large-text-320 (7.7s)
  ok 31 tests\e2e\model-free.spec.js:81:1 › comparison cancellation and refresh preserve the original interactive experiment (6.0s)
  ok 32 tests\e2e\model-free.spec.js:85:1 › storage denial leaves usable memory-only learning and a downloadable checkpoint (4.6s)
  ok 33 tests\e2e\model-free.spec.js:90:1 › invalid backup is rejected before replacement and touch controls collect real samples (14.5s)
  ok 34 tests\e2e\shell.spec.js:14:1 › static subpath smoke: welcome loads with local assets and no runtime errors (3.5s)
  ok 35 tests\e2e\shell.spec.js:36:1 › all shell and unavailable routes support direct entry and reload (8.0s)
  ok 36 tests\e2e\shell.spec.js:44:1 › keyboard skip link, mobile menu, Escape, route focus, and workspace tabs (4.0s)
  ok 37 tests\e2e\shell.spec.js:74:1 › notebook tabs operate by keyboard without creating results (1.8s)
  ok 38 tests\e2e\shell.spec.js:84:1 › display settings persist; defaults leave unrelated host data intact (2.6s)
  ok 39 tests\e2e\shell.spec.js:98:1 › blocked storage keeps settings usable and gives a visible error (1.7s)
  ok 40 tests\e2e\shell.spec.js:111:5 › desktop welcome: accessible shell and screenshot (5.5s)
  ok 41 tests\e2e\shell.spec.js:111:5 › desktop island: accessible shell and screenshot (5.3s)
  ok 42 tests\e2e\shell.spec.js:111:5 › desktop lesson/01: accessible shell and screenshot (5.8s)
  ok 43 tests\e2e\shell.spec.js:111:5 › desktop compare: accessible shell and screenshot (5.3s)
  ok 44 tests\e2e\shell.spec.js:111:5 › desktop notebook: accessible shell and screenshot (5.9s)
  ok 45 tests\e2e\shell.spec.js:111:5 › desktop settings: accessible shell and screenshot (4.7s)
  ok 46 tests\e2e\shell.spec.js:111:5 › mobile welcome: accessible shell and screenshot (3.9s)
  ok 47 tests\e2e\shell.spec.js:111:5 › mobile island: accessible shell and screenshot (5.5s)
  ok 48 tests\e2e\shell.spec.js:111:5 › mobile lesson/01: accessible shell and screenshot (4.5s)
  ok 49 tests\e2e\shell.spec.js:111:5 › mobile compare: accessible shell and screenshot (3.5s)
  ok 50 tests\e2e\shell.spec.js:111:5 › mobile notebook: accessible shell and screenshot (4.2s)
  ok 51 tests\e2e\shell.spec.js:111:5 › mobile settings: accessible shell and screenshot (3.9s)
  ok 52 tests\e2e\shell.spec.js:124:1 › tablet and wide workspaces, mobile menu, large text, and reduced motion (4.5s)

  52 passed (7.8m)
