
> rl-island@0.1.0 build
> vite build

vite v8.3.0 building client environment for production...
transforming...
✓ 53 modules transformed.
rendering chunks...
computing gzip size...
dist/index.html                                      0.74 kB │ gzip:   0.43 kB
dist/assets/inter-latin-400-normal-C38fXH4l.woff2   23.66 kB
dist/assets/inter-latin-500-normal-Cerq10X2.woff2   24.27 kB
dist/assets/inter-latin-700-normal-Yt3aPRUw.woff2   24.35 kB
dist/assets/inter-latin-600-normal-LgqL8muc.woff2   24.45 kB
dist/assets/training.worker-5TyMZyjX.js             26.12 kB
dist/assets/inter-latin-400-normal-CyCys3Eg.woff    30.69 kB
dist/assets/inter-latin-600-normal-CiBQ2DWP.woff    31.26 kB
dist/assets/inter-latin-500-normal-BL9OpVg8.woff    31.28 kB
dist/assets/inter-latin-700-normal-BLAVimhd.woff    31.32 kB
dist/assets/index-faU9WaM2.css                      39.53 kB │ gzip:   8.97 kB
dist/assets/index-DL2uigGB.js                      364.12 kB │ gzip: 122.88 kB

✓ built in 3.35s
[PLUGIN_TIMINGS] Plugin hooks ran for 2.5s of this 3.3s build (75%).
1 hook is listed without a time. Its calls overlapped, so the time inside one call includes work from other calls. To find its cost, profile the build with `node --cpu-prof`:
  - vite:css transform (6 calls)
See https://rolldown.rs/reference/InputOptions.checks#plugintimings for more details.

