
> rl-island@0.1.0 build
> vite build

vite v8.3.0 building client environment for production...
transforming...
✓ 53 modules transformed.
rendering chunks...
computing gzip size...
dist/index.html                                      0.74 kB │ gzip:   0.43 kB
dist/assets/inter-latin-400-normal-C38fXH4l.woff2   23.66 kB
dist/assets/inter-latin-500-normal-Cerq10X2.woff2   24.27 kB
dist/assets/inter-latin-700-normal-Yt3aPRUw.woff2   24.35 kB
dist/assets/inter-latin-600-normal-LgqL8muc.woff2   24.45 kB
dist/assets/training.worker-CQRyUNNA.js             26.10 kB
dist/assets/inter-latin-400-normal-CyCys3Eg.woff    30.69 kB
dist/assets/inter-latin-600-normal-CiBQ2DWP.woff    31.26 kB
dist/assets/inter-latin-500-normal-BL9OpVg8.woff    31.28 kB
dist/assets/inter-latin-700-normal-BLAVimhd.woff    31.32 kB
dist/assets/index-faU9WaM2.css                      39.53 kB │ gzip:   8.97 kB
dist/assets/index-CThSUfIb.js                      363.89 kB │ gzip: 122.82 kB

✓ built in 1.10s
