
> rl-island@0.1.0 build
> vite build

vite v8.3.0 building client environment for production...
transforming...
✓ 54 modules transformed.
rendering chunks...
computing gzip size...
dist/index.html                                      0.74 kB │ gzip:   0.43 kB
dist/assets/inter-latin-400-normal-C38fXH4l.woff2   23.66 kB
dist/assets/inter-latin-500-normal-Cerq10X2.woff2   24.27 kB
dist/assets/inter-latin-700-normal-Yt3aPRUw.woff2   24.35 kB
dist/assets/inter-latin-600-normal-LgqL8muc.woff2   24.45 kB
dist/assets/inter-latin-400-normal-CyCys3Eg.woff    30.69 kB
dist/assets/inter-latin-600-normal-CiBQ2DWP.woff    31.26 kB
dist/assets/inter-latin-500-normal-BL9OpVg8.woff    31.28 kB
dist/assets/inter-latin-700-normal-BLAVimhd.woff    31.32 kB
dist/assets/training.worker-eZh_Fl9b.js             32.11 kB
dist/assets/index-BBaqnq1d.css                      39.89 kB │ gzip:   9.04 kB
dist/assets/index-CB_Rsz9m.js                      374.26 kB │ gzip: 125.81 kB

✓ built in 3.93s
[PLUGIN_TIMINGS] Plugin hooks ran for 3.6s of this 3.9s build (92%).
The slowest hooks, timed inside each callback (the wait before a callback starts is excluded, the time it awaits is included):
  - vite:worker-import-meta-url transform (65%, 2.5s, 1 call)
Additional hook time came from the hooks below and from hooks under 1s.
1 hook is listed without a time. Its calls overlapped, so the time inside one call includes work from other calls. To find its cost, profile the build with `node --cpu-prof`:
  - vite:css transform (6 calls)
See https://rolldown.rs/reference/InputOptions.checks#plugintimings for more details.

